// Jest Snapshot v1, https://goo.gl/fbAQLP

exports[`networkStack snapshot test for vpcStack 1`] = `
"{
  "provider": {
    "aws": [
      {
        "region": "ap-northeast-1"
      }
    ]
  },
  "resource": {
    "aws_internet_gateway": {
      "application-dev-IGW": {
        "tags": {
          "Name": "application-dev-IGW"
        },
        "vpc_id": "\${aws_vpc.application-dev-Vpc.id}"
      }
    },
    "aws_route_table": {
      "application-dev-AlbRoute": {
        "route": [
        ],
        "tags": {
          "Name": "application-dev-AlbRoute"
        },
        "vpc_id": "\${aws_vpc.application-dev-Vpc.id}"
      },
      "application-dev-BastionRoute": {
        "route": [
        ],
        "tags": {
          "Name": "application-dev-BastionRoute"
        },
        "vpc_id": "\${aws_vpc.application-dev-Vpc.id}"
      },
      "application-dev-DbRoute": {
        "route": [
        ],
        "tags": {
          "Name": "application-dev-DbRoute"
        },
        "vpc_id": "\${aws_vpc.application-dev-Vpc.id}"
      },
      "application-dev-EcsRoute": {
        "route": [
        ],
        "tags": {
          "Name": "application-dev-EcsRoute"
        },
        "vpc_id": "\${aws_vpc.application-dev-Vpc.id}"
      },
      "application-dev-EndpointRoute": {
        "route": [
        ],
        "tags": {
          "Name": "application-dev-EndpointRoute"
        },
        "vpc_id": "\${aws_vpc.application-dev-Vpc.id}"
      }
    },
    "aws_route_table_association": {
      "alb1-Association": {
        "route_table_id": "\${aws_route_table.application-dev-AlbRoute.id}",
        "subnet_id": "\${aws_subnet.application-dev-Alb1.id}"
      },
      "alb2-Association": {
        "route_table_id": "\${aws_route_table.application-dev-AlbRoute.id}",
        "subnet_id": "\${aws_subnet.application-dev-Alb2.id}"
      },
      "bastion-Association": {
        "route_table_id": "\${aws_route_table.application-dev-BastionRoute.id}",
        "subnet_id": "\${aws_subnet.application-dev-Bastion.id}"
      },
      "db1-Association": {
        "route_table_id": "\${aws_route_table.application-dev-DbRoute.id}",
        "subnet_id": "\${aws_subnet.application-dev-Db1.id}"
      },
      "db2-Association": {
        "route_table_id": "\${aws_route_table.application-dev-DbRoute.id}",
        "subnet_id": "\${aws_subnet.application-dev-Db2.id}"
      },
      "ecs-IGW": {
        "gateway_id": "\${aws_internet_gateway.application-dev-IGW.id}",
        "route_table_id": "\${aws_route_table.application-dev-AlbRoute.id}"
      },
      "ecs1-Association": {
        "route_table_id": "\${aws_route_table.application-dev-EcsRoute.id}",
        "subnet_id": "\${aws_subnet.application-dev-Ecs1.id}"
      },
      "ecs2-Association": {
        "route_table_id": "\${aws_route_table.application-dev-EcsRoute.id}",
        "subnet_id": "\${aws_subnet.application-dev-Ecs2.id}"
      },
      "endpoint-Association": {
        "route_table_id": "\${aws_route_table.application-dev-EndpointRoute.id}",
        "subnet_id": "\${aws_subnet.application-dev-Endpoint.id}"
      }
    },
    "aws_security_group": {
      "albSG": {
        "name": "albSG",
        "tags": {
          "Name": "albSG"
        },
        "vpc_id": "\${aws_vpc.application-dev-Vpc.id}"
      },
      "bastionSG": {
        "name": "bastionSG",
        "tags": {
          "Name": "bastionSG"
        },
        "vpc_id": "\${aws_vpc.application-dev-Vpc.id}"
      },
      "dbSG": {
        "name": "dbSG",
        "tags": {
          "Name": "dbSG"
        },
        "vpc_id": "\${aws_vpc.application-dev-Vpc.id}"
      },
      "ecsSG": {
        "name": "ecsSG",
        "tags": {
          "Name": "ecsSG"
        },
        "vpc_id": "\${aws_vpc.application-dev-Vpc.id}"
      },
      "endpointSG": {
        "name": "endpointSG",
        "tags": {
          "Name": "endpointSG"
        },
        "vpc_id": "\${aws_vpc.application-dev-Vpc.id}"
      }
    },
    "aws_security_group_rule": {
      "albSG-egress-rule": {
        "cidr_blocks": [
          "0.0.0.0/0"
        ],
        "from_port": 0,
        "protocol": "-1",
        "security_group_id": "\${aws_security_group.albSG.id}",
        "to_port": 0,
        "type": "egress"
      },
      "albSG-ingress-rule": {
        "cidr_blocks": [
          "0.0.0.0/0"
        ],
        "description": "IGW to Load balancer",
        "from_port": 80,
        "protocol": "tcp",
        "security_group_id": "\${aws_security_group.albSG.id}",
        "to_port": 80,
        "type": "ingress"
      },
      "bastionSG-egress-rule": {
        "cidr_blocks": [
          "0.0.0.0/0"
        ],
        "from_port": 0,
        "protocol": "-1",
        "security_group_id": "\${aws_security_group.bastionSG.id}",
        "to_port": 0,
        "type": "egress"
      },
      "dbSG-egress-rule": {
        "cidr_blocks": [
          "0.0.0.0/0"
        ],
        "from_port": 0,
        "protocol": "-1",
        "security_group_id": "\${aws_security_group.dbSG.id}",
        "to_port": 0,
        "type": "egress"
      },
      "dbSG-ingress-rule2": {
        "from_port": 3306,
        "protocol": "tcp",
        "security_group_id": "\${aws_security_group.dbSG.id}",
        "source_security_group_id": "\${aws_security_group.ecsSG.id}",
        "to_port": 3306,
        "type": "ingress"
      },
      "ecsSG-egress-rule": {
        "cidr_blocks": [
          "0.0.0.0/0"
        ],
        "from_port": 0,
        "protocol": "-1",
        "security_group_id": "\${aws_security_group.ecsSG.id}",
        "to_port": 0,
        "type": "egress"
      },
      "ecsSG-ingress-rule": {
        "description": "Load balancer to target",
        "from_port": 80,
        "protocol": "tcp",
        "security_group_id": "\${aws_security_group.ecsSG.id}",
        "source_security_group_id": "\${aws_security_group.albSG.id}",
        "to_port": 80,
        "type": "ingress"
      },
      "endpointSG-egress-rule": {
        "cidr_blocks": [
          "0.0.0.0/0"
        ],
        "from_port": 0,
        "protocol": "-1",
        "security_group_id": "\${aws_security_group.endpointSG.id}",
        "to_port": 0,
        "type": "egress"
      },
      "endpointSG-ingress-rule": {
        "cidr_blocks": [
          "10.0.0.0/16"
        ],
        "from_port": 443,
        "protocol": "tcp",
        "security_group_id": "\${aws_security_group.endpointSG.id}",
        "to_port": 443,
        "type": "ingress"
      }
    },
    "aws_subnet": {
      "application-dev-Alb1": {
        "availability_zone": "ap-northeast-1a",
        "cidr_block": "10.0.4.0/24",
        "tags": {
          "Name": "application-dev-Alb1"
        },
        "vpc_id": "\${aws_vpc.application-dev-Vpc.id}"
      },
      "application-dev-Alb2": {
        "availability_zone": "ap-northeast-1c",
        "cidr_block": "10.0.5.0/24",
        "tags": {
          "Name": "application-dev-Alb2"
        },
        "vpc_id": "\${aws_vpc.application-dev-Vpc.id}"
      },
      "application-dev-Bastion": {
        "availability_zone": "ap-northeast-1a",
        "cidr_block": "10.0.7.0/24",
        "tags": {
          "Name": "application-dev-Bastion"
        },
        "vpc_id": "\${aws_vpc.application-dev-Vpc.id}"
      },
      "application-dev-Db1": {
        "availability_zone": "ap-northeast-1a",
        "cidr_block": "10.0.2.0/24",
        "tags": {
          "Name": "application-dev-Db1"
        },
        "vpc_id": "\${aws_vpc.application-dev-Vpc.id}"
      },
      "application-dev-Db2": {
        "availability_zone": "ap-northeast-1c",
        "cidr_block": "10.0.3.0/24",
        "tags": {
          "Name": "application-dev-Db2"
        },
        "vpc_id": "\${aws_vpc.application-dev-Vpc.id}"
      },
      "application-dev-Ecs1": {
        "availability_zone": "ap-northeast-1a",
        "cidr_block": "10.0.0.0/24",
        "tags": {
          "Name": "application-dev-Ecs1"
        },
        "vpc_id": "\${aws_vpc.application-dev-Vpc.id}"
      },
      "application-dev-Ecs2": {
        "availability_zone": "ap-northeast-1c",
        "cidr_block": "10.0.1.0/24",
        "tags": {
          "Name": "application-dev-Ecs2"
        },
        "vpc_id": "\${aws_vpc.application-dev-Vpc.id}"
      },
      "application-dev-Endpoint": {
        "availability_zone": "ap-northeast-1a",
        "cidr_block": "10.0.6.0/24",
        "tags": {
          "Name": "application-dev-Endpoint"
        },
        "vpc_id": "\${aws_vpc.application-dev-Vpc.id}"
      }
    },
    "aws_vpc": {
      "application-dev-Vpc": {
        "cidr_block": "10.0.0.0/16",
        "enable_dns_hostnames": true,
        "enable_dns_support": true,
        "tags": {
          "Name": "application-dev-Vpc"
        }
      }
    },
    "aws_vpc_endpoint": {
      "bastion-vpc-endpoint-s3": {
        "route_table_ids": [
          "\${aws_route_table.application-dev-BastionRoute.id}"
        ],
        "service_name": "com.amazonaws.ap-northeast-1.s3",
        "tags": {
          "Name": "vpc-endpoint-s3-Gateway"
        },
        "vpc_endpoint_type": "Gateway",
        "vpc_id": "\${aws_vpc.application-dev-Vpc.id}"
      },
      "ecs-vpc-endpoint-s3": {
        "route_table_ids": [
          "\${aws_route_table.application-dev-EcsRoute.id}"
        ],
        "service_name": "com.amazonaws.ap-northeast-1.s3",
        "tags": {
          "Name": "vpc-endpoint-s3-Gateway"
        },
        "vpc_endpoint_type": "Gateway",
        "vpc_id": "\${aws_vpc.application-dev-Vpc.id}"
      },
      "vpc-endpoint-ec2messages": {
        "private_dns_enabled": true,
        "security_group_ids": [
          "\${aws_security_group.endpointSG.id}"
        ],
        "service_name": "com.amazonaws.ap-northeast-1.ec2messages",
        "subnet_ids": [
          "\${aws_subnet.application-dev-Endpoint.id}"
        ],
        "tags": {
          "Name": "vpc-endpoint-ec2messages"
        },
        "vpc_endpoint_type": "Interface",
        "vpc_id": "\${aws_vpc.application-dev-Vpc.id}"
      },
      "vpc-endpoint-ecrapi": {
        "private_dns_enabled": true,
        "security_group_ids": [
          "\${aws_security_group.endpointSG.id}"
        ],
        "service_name": "com.amazonaws.ap-northeast-1.ecr.api",
        "subnet_ids": [
          "\${aws_subnet.application-dev-Endpoint.id}"
        ],
        "tags": {
          "Name": "vpc-endpoint-ecr.api"
        },
        "vpc_endpoint_type": "Interface",
        "vpc_id": "\${aws_vpc.application-dev-Vpc.id}"
      },
      "vpc-endpoint-ecrdkr": {
        "private_dns_enabled": true,
        "security_group_ids": [
          "\${aws_security_group.endpointSG.id}"
        ],
        "service_name": "com.amazonaws.ap-northeast-1.ecr.dkr",
        "subnet_ids": [
          "\${aws_subnet.application-dev-Endpoint.id}"
        ],
        "tags": {
          "Name": "vpc-endpoint-ecr.dkr"
        },
        "vpc_endpoint_type": "Interface",
        "vpc_id": "\${aws_vpc.application-dev-Vpc.id}"
      },
      "vpc-endpoint-ecs": {
        "private_dns_enabled": true,
        "security_group_ids": [
          "\${aws_security_group.endpointSG.id}"
        ],
        "service_name": "com.amazonaws.ap-northeast-1.ecs",
        "subnet_ids": [
          "\${aws_subnet.application-dev-Endpoint.id}"
        ],
        "tags": {
          "Name": "vpc-endpoint-ecs"
        },
        "vpc_endpoint_type": "Interface",
        "vpc_id": "\${aws_vpc.application-dev-Vpc.id}"
      },
      "vpc-endpoint-ecs-agent": {
        "private_dns_enabled": true,
        "security_group_ids": [
          "\${aws_security_group.endpointSG.id}"
        ],
        "service_name": "com.amazonaws.ap-northeast-1.ecs-agent",
        "subnet_ids": [
          "\${aws_subnet.application-dev-Endpoint.id}"
        ],
        "tags": {
          "Name": "vpc-endpoint-ecs-agent"
        },
        "vpc_endpoint_type": "Interface",
        "vpc_id": "\${aws_vpc.application-dev-Vpc.id}"
      },
      "vpc-endpoint-ecs-telemetry": {
        "private_dns_enabled": true,
        "security_group_ids": [
          "\${aws_security_group.endpointSG.id}"
        ],
        "service_name": "com.amazonaws.ap-northeast-1.ecs-telemetry",
        "subnet_ids": [
          "\${aws_subnet.application-dev-Endpoint.id}"
        ],
        "tags": {
          "Name": "vpc-endpoint-ecs-telemetry"
        },
        "vpc_endpoint_type": "Interface",
        "vpc_id": "\${aws_vpc.application-dev-Vpc.id}"
      },
      "vpc-endpoint-logs": {
        "private_dns_enabled": true,
        "security_group_ids": [
          "\${aws_security_group.endpointSG.id}"
        ],
        "service_name": "com.amazonaws.ap-northeast-1.logs",
        "subnet_ids": [
          "\${aws_subnet.application-dev-Endpoint.id}"
        ],
        "tags": {
          "Name": "vpc-endpoint-logs"
        },
        "vpc_endpoint_type": "Interface",
        "vpc_id": "\${aws_vpc.application-dev-Vpc.id}"
      },
      "vpc-endpoint-secretsmanager": {
        "private_dns_enabled": true,
        "security_group_ids": [
          "\${aws_security_group.endpointSG.id}"
        ],
        "service_name": "com.amazonaws.ap-northeast-1.secretsmanager",
        "subnet_ids": [
          "\${aws_subnet.application-dev-Endpoint.id}"
        ],
        "tags": {
          "Name": "vpc-endpoint-secretsmanager"
        },
        "vpc_endpoint_type": "Interface",
        "vpc_id": "\${aws_vpc.application-dev-Vpc.id}"
      },
      "vpc-endpoint-ssm": {
        "private_dns_enabled": true,
        "security_group_ids": [
          "\${aws_security_group.endpointSG.id}"
        ],
        "service_name": "com.amazonaws.ap-northeast-1.ssm",
        "subnet_ids": [
          "\${aws_subnet.application-dev-Endpoint.id}"
        ],
        "tags": {
          "Name": "vpc-endpoint-ssm"
        },
        "vpc_endpoint_type": "Interface",
        "vpc_id": "\${aws_vpc.application-dev-Vpc.id}"
      },
      "vpc-endpoint-ssmmessages": {
        "private_dns_enabled": true,
        "security_group_ids": [
          "\${aws_security_group.endpointSG.id}"
        ],
        "service_name": "com.amazonaws.ap-northeast-1.ssmmessages",
        "subnet_ids": [
          "\${aws_subnet.application-dev-Endpoint.id}"
        ],
        "tags": {
          "Name": "vpc-endpoint-ssmmessages"
        },
        "vpc_endpoint_type": "Interface",
        "vpc_id": "\${aws_vpc.application-dev-Vpc.id}"
      }
    }
  },
  "terraform": {
    "required_providers": {
      "aws": {
        "source": "aws",
        "version": "4.60.0"
      }
    }
  }
}"
`;
