// Jest Snapshot v1, https://goo.gl/fbAQLP

exports[`staticWebsiteHostingStack snapshot test for staticWebsiteHostingStack 1`] = `
"{
  "data": {
    "aws_caller_identity": {
      "account-id": {
      }
    }
  },
  "provider": {
    "aws": [
      {
        "alias": "virginia",
        "region": "us-east-1"
      }
    ]
  },
  "resource": {
    "aws_cloudfront_distribution": {
      "application-dev-cloudfront-distribution": {
        "default_cache_behavior": {
          "allowed_methods": [
            "GET",
            "HEAD"
          ],
          "cached_methods": [
            "GET",
            "HEAD"
          ],
          "forwarded_values": {
            "cookies": {
              "forward": "none"
            },
            "headers": [
              "Accept-Datetime",
              "Accept-Encoding",
              "Accept-Language",
              "Origin"
            ],
            "query_string": false
          },
          "target_origin_id": "\${aws_s3_bucket.application-dev-s3-bucket.bucket}",
          "viewer_protocol_policy": "allow-all"
        },
        "default_root_object": "index.html",
        "enabled": true,
        "origin": [
          {
            "domain_name": "\${aws_s3_bucket.application-dev-s3-bucket.bucket_regional_domain_name}",
            "origin_access_control_id": "\${aws_cloudfront_origin_access_control.application-dev-cloudfront-OAC.id}",
            "origin_id": "\${aws_s3_bucket.application-dev-s3-bucket.bucket}"
          }
        ],
        "price_class": "PriceClass_200",
        "restrictions": {
          "geo_restriction": {
            "locations": [
              "JP"
            ],
            "restriction_type": "whitelist"
          }
        },
        "viewer_certificate": {
          "cloudfront_default_certificate": true
        },
        "web_acl_id": "\${aws_wafv2_web_acl.application-dev-waf-acl.arn}"
      }
    },
    "aws_cloudfront_origin_access_control": {
      "application-dev-cloudfront-OAC": {
        "name": "\${aws_s3_bucket.application-dev-s3-bucket.id}",
        "origin_access_control_origin_type": "s3",
        "signing_behavior": "always",
        "signing_protocol": "sigv4"
      }
    },
    "aws_s3_bucket": {
      "application-dev-s3-bucket": {
        "bucket": "application-dev-cdktf-template"
      }
    },
    "aws_s3_bucket_acl": {
      "application-dev-s3-acl": {
        "acl": "private",
        "bucket": "\${aws_s3_bucket.application-dev-s3-bucket.bucket}"
      }
    },
    "aws_s3_bucket_policy": {
      "application-dev-s3-policy": {
        "bucket": "\${aws_s3_bucket.application-dev-s3-bucket.bucket}",
        "policy": "{\\"Version\\":\\"2012-10-17\\",\\"Statement\\":[{\\"Sid\\":\\"AllowCloudFrontServicePrincipalReadOnly\\",\\"Effect\\":\\"Allow\\",\\"Principal\\":{\\"Service\\":\\"cloudfront.amazonaws.com\\"},\\"Action\\":\\"s3:GetObject\\",\\"Resource\\":\\"arn:aws:s3:::\${aws_s3_bucket.application-dev-s3-bucket.bucket}/*\\",\\"Condition\\":{\\"StringEquals\\":{\\"AWS:SourceArn\\":\\"arn:aws:cloudfront::\${data.aws_caller_identity.account-id.account_id}:distribution/\${aws_cloudfront_distribution.application-dev-cloudfront-distribution.id}\\"}}}]}"
      }
    },
    "aws_s3_bucket_public_access_block": {
      "application-dev-s3-PAB": {
        "block_public_acls": true,
        "block_public_policy": true,
        "bucket": "\${aws_s3_bucket.application-dev-s3-bucket.id}",
        "ignore_public_acls": true,
        "restrict_public_buckets": true
      }
    },
    "aws_wafv2_ip_set": {
      "application-dev-waf-ipset": {
        "ip_address_version": "IPV4",
        "name": "ipSet",
        "provider": "aws.virginia",
        "scope": "CLOUDFRONT"
      }
    },
    "aws_wafv2_web_acl": {
      "application-dev-waf-acl": {
        "default_action": {
          "block": {
          }
        },
        "description": "Web ACL",
        "name": "application-dev-waf-acl",
        "provider": "aws.virginia",
        "rule": [
          {
            "action": {
              "allow": {
              }
            },
            "name": "AllowIpsRule",
            "priority": 0,
            "statement": {
              "ip_set_reference_statement": {
                "arn": "\${aws_wafv2_ip_set.application-dev-waf-ipset.arn}"
              }
            },
            "visibility_config": {
              "cloudwatch_metrics_enabled": true,
              "metric_name": "AllowedIPMetric",
              "sampled_requests_enabled": true
            }
          },
          {
            "name": "AWS-AWSManagedRulesCommonRuleSet",
            "override_action": {
              "none": {
              }
            },
            "priority": 1,
            "statement": {
              "managed_rule_group_statement": {
                "name": "AWSManagedRulesCommonRuleSet",
                "vendor_name": "AWS"
              }
            },
            "visibility_config": {
              "cloudwatch_metrics_enabled": true,
              "metric_name": "AWS-AWSManagedRulesCommonRuleSet",
              "sampled_requests_enabled": true
            }
          },
          {
            "name": "AWS-AWSManagedRulesKnownBadInputsRuleSet",
            "override_action": {
              "none": {
              }
            },
            "priority": 2,
            "statement": {
              "managed_rule_group_statement": {
                "name": "AWSManagedRulesKnownBadInputsRuleSet",
                "vendor_name": "AWS"
              }
            },
            "visibility_config": {
              "cloudwatch_metrics_enabled": true,
              "metric_name": "AWS-AWSManagedRulesKnownBadInputsRuleSet",
              "sampled_requests_enabled": true
            }
          },
          {
            "name": "AWS-AWSManagedRulesAdminProtectionRuleSet",
            "override_action": {
              "none": {
              }
            },
            "priority": 3,
            "statement": {
              "managed_rule_group_statement": {
                "name": "AWSManagedRulesAdminProtectionRuleSet",
                "vendor_name": "AWS"
              }
            },
            "visibility_config": {
              "cloudwatch_metrics_enabled": true,
              "metric_name": "AWS-AWSManagedRulesAdminProtectionRuleSet",
              "sampled_requests_enabled": true
            }
          }
        ],
        "scope": "CLOUDFRONT",
        "visibility_config": {
          "cloudwatch_metrics_enabled": false,
          "metric_name": "WebACLMetric",
          "sampled_requests_enabled": false
        }
      }
    }
  },
  "terraform": {
    "required_providers": {
      "aws": {
        "source": "aws",
        "version": "4.60.0"
      }
    }
  }
}"
`;
